// Jest Snapshot v1, https://goo.gl/fbAQLP

exports[`Testing in Navbar component Component should show correctly 1`] = `
<nav
  className="navbar navbar-expand-sm navbar-dark bg-dark"
>
  <button
    aria-controls="navbarToggler"
    aria-expanded="false"
    aria-label="Toggle navigation"
    className="navbar-toggler"
    data-target="#navbarToggler"
    data-toggle="collapse"
    type="button"
  >
    <span
      className="navbar-toggler-icon"
    />
  </button>
  <a
    className="navbar-brand"
    onClick={[Function]}
  >
    Heros App
  </a>
  <div
    className="collapse navbar-collapse"
    id="navbarToggler"
  >
    <ul
      className="navbar-nav mr-auto mt-2 mt-lg-0"
    >
      <li
        className="nav-item active"
      >
        <a
          aria-current={null}
          className="nav-item nav-link"
          onClick={[Function]}
        >
          Marvel
        </a>
      </li>
      <li
        className="nav-item"
      >
        <a
          aria-current={null}
          className="nav-item nav-link"
          onClick={[Function]}
        >
          DC
        </a>
      </li>
      <li
        className="nav-item"
      >
        <a
          aria-current={null}
          className="nav-item nav-link"
          onClick={[Function]}
        >
          Search
        </a>
      </li>
    </ul>
    <ul
      className="navbar-nav mt-2"
      style={
        Object {
          "marginLeft": "auto",
        }
      }
    >
      <li
        className="nav-item"
      >
        <span
          className="text-info nav-item nav-link"
        >
          Cesar
        </span>
      </li>
      <li
        className="nav-item"
      >
        <button
          className="btn nav-item nav-link"
          onClick={[Function]}
        >
          Logout
        </button>
      </li>
    </ul>
  </div>
</nav>
`;
